// Jest Snapshot v1, https://goo.gl/fbAQLP

exports[`Test Sql & Json Streams Sql Stream returns correct result 1`] = `
Array [
  Object {
    "apartment": 0,
    "blok": "0",
    "city": "РУСЕ",
    "client_name": "Юрий Николов Величков",
    "client_type": 1,
    "driving_practice": 5,
    "egn": "6104266565",
    "floor": 1,
    "id": 9213,
    "minucipality_name": "Русе",
    "mobile": "0889827210",
    "phone": "9294130",
    "postcode": 7000,
    "region_name": "РУСЕ",
    "representative": "",
    "street_name": "СЛАВЯНСКИ",
    "street_no": "14",
    "vhod": "1",
  },
  Object {
    "apartment": 2,
    "blok": "18",
    "city": "СИЛИСТРА",
    "client_name": "First Middle Last",
    "client_type": 1,
    "driving_practice": 5,
    "egn": "6310305565",
    "floor": 1,
    "id": 9219,
    "minucipality_name": "Силистра",
    "mobile": "0891043493",
    "phone": "02830123",
    "postcode": 7500,
    "region_name": "СИЛИСТРА",
    "representative": "",
    "street_name": "ГЕНЕРАЛ  СКОБЕЛЕВ",
    "street_no": "",
    "vhod": "А",
  },
  Object {
    "apartment": 0,
    "blok": "0",
    "city": "СОФИЯ",
    "client_name": "СИ ЕФ ЕМ ООД  ",
    "client_type": 2,
    "driving_practice": 10,
    "egn": "131304899",
    "floor": 0,
    "id": 9251,
    "minucipality_name": "Столична",
    "mobile": "359889100001",
    "phone": "359889100001",
    "postcode": 1000,
    "region_name": "София (столица)",
    "representative": "1",
    "street_name": "УЛ. НИКОЛАЙ ХАЙТОВ БЛ. 2, ВХ. Д, ОФИСИ 8 И 9",
    "street_no": "0",
    "vhod": "0",
  },
  Object {
    "apartment": 0,
    "blok": "0",
    "city": "ЛОЗЕН",
    "client_name": "Бонев Транс ЕООД  ",
    "client_type": 2,
    "driving_practice": 0,
    "egn": "175153616",
    "floor": 0,
    "id": 9351,
    "minucipality_name": "Столична",
    "mobile": "0",
    "phone": "0",
    "postcode": 1151,
    "region_name": "София (столица)",
    "representative": "Генади Стефанов Бонев",
    "street_name": "ЯНКО ПАНАЙОТОВ",
    "street_no": "28",
    "vhod": "0",
  },
  Object {
    "apartment": 7,
    "blok": "9",
    "city": "СОФИЯ",
    "client_name": "Николинка Стефанова Цолова",
    "client_type": 1,
    "driving_practice": 5,
    "egn": "5507181593",
    "floor": 4,
    "id": 9451,
    "minucipality_name": "Столична",
    "mobile": "0897527002",
    "phone": "0888998899",
    "postcode": 1000,
    "region_name": "София (столица)",
    "representative": "",
    "street_name": "ЛЮБЛАНА",
    "street_no": "1",
    "vhod": "a",
  },
]
`;
